
Memory Configuration

Name             Origin             Length             Attributes
flash            0x08000000         0x00020000         xr
sram             0x20000000         0x00005000         xrw
*default*        0x00000000         0xffffffff

Linker script and memory map


.text           0x08000000       0xc4
 *(.vector*)
 .vectors       0x08000000       0x44 startup.o
 *(.text*)
 .text          0x08000044        0x8 startup.o
 .text          0x0800004c       0x78 main.o
                0x0800004c                main
 *(.rodata)

.glue_7         0x080000c4        0x0
 .glue_7        0x080000c4        0x0 linker stubs

.glue_7t        0x080000c4        0x0
 .glue_7t       0x080000c4        0x0 linker stubs

.vfp11_veneer   0x080000c4        0x0
 .vfp11_veneer  0x080000c4        0x0 linker stubs

.v4_bx          0x080000c4        0x0
 .v4_bx         0x080000c4        0x0 linker stubs

.iplt           0x080000c4        0x0
 .iplt          0x080000c4        0x0 startup.o

.rel.dyn        0x080000c4        0x0
 .rel.iplt      0x080000c4        0x0 startup.o

.data           0x080000c4        0x4
 *(.data)
 .data          0x080000c4        0x0 startup.o
 .data          0x080000c4        0x4 main.o
                0x080000c4                R_ODR

.igot.plt       0x080000c8        0x0
 .igot.plt      0x080000c8        0x0 startup.o

.bss            0x20000000        0x0
 *(.bss)
 .bss           0x20000000        0x0 startup.o
 .bss           0x20000000        0x0 main.o
LOAD startup.o
LOAD main.o
OUTPUT(linker.elf elf32-littlearm)
LOAD linker stubs

.ARM.attributes
                0x00000000       0x2f
 .ARM.attributes
                0x00000000       0x21 startup.o
 .ARM.attributes
                0x00000021       0x2d main.o

.comment        0x00000000       0x49
 .comment       0x00000000       0x49 main.o
                                 0x4a (size before relaxing)

.debug_line     0x00000000      0x187
 .debug_line    0x00000000       0x3b startup.o
 .debug_line    0x0000003b      0x14c main.o

.debug_info     0x00000000      0x183
 .debug_info    0x00000000       0x26 startup.o
 .debug_info    0x00000026      0x15d main.o

.debug_abbrev   0x00000000      0x104
 .debug_abbrev  0x00000000       0x14 startup.o
 .debug_abbrev  0x00000014       0xf0 main.o

.debug_aranges  0x00000000       0x40
 .debug_aranges
                0x00000000       0x20 startup.o
 .debug_aranges
                0x00000020       0x20 main.o

.debug_str      0x00000000      0x152
 .debug_str     0x00000000       0x58 startup.o
 .debug_str     0x00000058       0xfa main.o
                                0x177 (size before relaxing)

.debug_loc      0x00000000       0x38
 .debug_loc     0x00000000       0x38 main.o

.debug_frame    0x00000000       0x2c
 .debug_frame   0x00000000       0x2c main.o
